Release 14.7 - xst P.20131013 (nt64)
Copyright (c) 1995-2013 Xilinx, Inc.  All rights reserved.
--> Parameter TMPDIR set to xst/projnav.tmp


Total REAL time to Xst completion: 0.00 secs
Total CPU time to Xst completion: 0.08 secs
 
--> Parameter xsthdpdir set to xst


Total REAL time to Xst completion: 0.00 secs
Total CPU time to Xst completion: 0.09 secs
 
--> Reading design: LCD_Control_Test.prj

TABLE OF CONTENTS
  1) Synthesis Options Summary
  2) HDL Parsing
  3) HDL Elaboration
  4) HDL Synthesis
       4.1) HDL Synthesis Report
  5) Advanced HDL Synthesis
       5.1) Advanced HDL Synthesis Report
  6) Low Level Synthesis
  7) Partition Report
  8) Design Summary
       8.1) Primitive and Black Box Usage
       8.2) Device utilization summary
       8.3) Partition Resource Summary
       8.4) Timing Report
            8.4.1) Clock Information
            8.4.2) Asynchronous Control Signals Information
            8.4.3) Timing Summary
            8.4.4) Timing Details
            8.4.5) Cross Clock Domains Report


=========================================================================
*                      Synthesis Options Summary                        *
=========================================================================
---- Source Parameters
Input File Name                    : "LCD_Control_Test.prj"
Ignore Synthesis Constraint File   : NO

---- Target Parameters
Output File Name                   : "LCD_Control_Test"
Output Format                      : NGC
Target Device                      : xc6slx16-3-csg324

---- Source Options
Top Module Name                    : LCD_Control_Test
Automatic FSM Extraction           : YES
FSM Encoding Algorithm             : Auto
Safe Implementation                : No
FSM Style                          : LUT
RAM Extraction                     : Yes
RAM Style                          : Auto
ROM Extraction                     : Yes
Shift Register Extraction          : YES
ROM Style                          : Auto
Resource Sharing                   : YES
Asynchronous To Synchronous        : NO
Shift Register Minimum Size        : 2
Use DSP Block                      : Auto
Automatic Register Balancing       : No

---- Target Options
LUT Combining                      : Auto
Reduce Control Sets                : Auto
Add IO Buffers                     : YES
Global Maximum Fanout              : 100000
Add Generic Clock Buffer(BUFG)     : 16
Register Duplication               : YES
Optimize Instantiated Primitives   : NO
Use Clock Enable                   : Auto
Use Synchronous Set                : Auto
Use Synchronous Reset              : Auto
Pack IO Registers into IOBs        : Auto
Equivalent register Removal        : YES

---- General Options
Optimization Goal                  : Speed
Optimization Effort                : 1
Power Reduction                    : NO
Keep Hierarchy                     : No
Netlist Hierarchy                  : As_Optimized
RTL Output                         : Yes
Global Optimization                : AllClockNets
Read Cores                         : YES
Write Timing Constraints           : NO
Cross Clock Analysis               : NO
Hierarchy Separator                : /
Bus Delimiter                      : <>
Case Specifier                     : Maintain
Slice Utilization Ratio            : 100
BRAM Utilization Ratio             : 100
DSP48 Utilization Ratio            : 100
Auto BRAM Packing                  : NO
Slice Utilization Ratio Delta      : 5

=========================================================================


=========================================================================
*                          HDL Parsing                                  *
=========================================================================
Analyzing Verilog file "D:\Programming\EE2230_Final\LCD_Convert_Test\RAM_signal_converter.v" into library work
Parsing module <RAM_signal_converter>.
Analyzing Verilog file "D:\Programming\EE2230_Final\LCD_Convert_Test\RAM_control.v" into library work
Parsing verilog file "global.v" included at line 10.
Parsing module <RAM_control>.
Analyzing Verilog file "D:\Programming\EE2230_Final\LCD_Convert_Test\LCD_control.v" into library work
Parsing module <LCD_control>.
Analyzing Verilog file "D:\Programming\EE2230_Final\LCD_Convert_Test\FakeDispRAMData.v" into library work
Parsing module <FakeDispRAMData>.
Analyzing Verilog file "D:\Programming\EE2230_Final\LCD_Convert_Test\ct_clkdivider.v" into library work
Parsing module <clock_divider>.
Analyzing Verilog file "D:\Programming\EE2230_Final\LCD_Convert_Test\clock_generator.v" into library work
Parsing verilog file "global.v" included at line 9.
Parsing module <clock_generator>.
Analyzing Verilog file "D:\Programming\EE2230_Final\LCD_Convert_Test\LCD_Control_Test.v" into library work
Parsing module <LCD_Control_Test>.

=========================================================================
*                            HDL Elaboration                            *
=========================================================================

Elaborating module <LCD_Control_Test>.

Elaborating module <clock_generator>.
WARNING:HDLCompiler:1127 - "D:\Programming\EE2230_Final\LCD_Convert_Test\LCD_Control_Test.v" Line 38: Assignment to clk_100 ignored, since the identifier is never used

Elaborating module <clock_divider(half_cycle=200,counter_width=8)>.

Elaborating module <FakeDispRAMData>.
WARNING:HDLCompiler:1127 - "D:\Programming\EE2230_Final\LCD_Convert_Test\LCD_Control_Test.v" Line 54: Assignment to addr ignored, since the identifier is never used

Elaborating module <RAM_control>.
ERROR:HDLCompiler:1654 - "D:\Programming\EE2230_Final\LCD_Convert_Test\RAM_control.v" Line 64: Instantiating <lcd_dec_1> from unknown module <LCD_decoder>
Module RAM_control remains a blackbox, due to errors in its contents
WARNING:HDLCompiler:1499 - "D:\Programming\EE2230_Final\LCD_Convert_Test\RAM_control.v" Line 11: Empty module <RAM_control> remains a black box.
WARNING:HDLCompiler:189 - "D:\Programming\EE2230_Final\LCD_Convert_Test\LCD_Control_Test.v" Line 63: Size mismatch in connection of port <input_data>. Formal port size is 96-bit while actual signal size is 64-bit.
WARNING:HDLCompiler:189 - "D:\Programming\EE2230_Final\LCD_Convert_Test\LCD_Control_Test.v" Line 64: Size mismatch in connection of port <data_out>. Formal port size is 8-bit while actual signal size is 1-bit.

Elaborating module <LCD_control>.
WARNING:HDLCompiler:189 - "D:\Programming\EE2230_Final\LCD_Convert_Test\LCD_Control_Test.v" Line 71: Size mismatch in connection of port <data>. Formal port size is 8-bit while actual signal size is 1-bit.
WARNING:HDLCompiler:604 - "D:\Programming\EE2230_Final\LCD_Convert_Test\LCD_Control_Test.v" Line 82: Module instantiation should have an instance name

Elaborating module <RAM_signal_converter>.
--> 

Total memory usage is 187144 kilobytes

Number of errors   :    1 (   0 filtered)
Number of warnings :    7 (   0 filtered)
Number of infos    :    0 (   0 filtered)

